def:20000:178,179:0.0028660523028114383:cen:255929.22526136416