def:20000:3,4,5:0.0020368498627845303:cen:49495.42025021536